
> digital-twin-profile@0.1.0 build
> prisma generate && next build

node.exe : Loaded Prisma config from prisma.config.ts.
Au caractère Ligne:1 : 1
+ & "C:\Program Files\nodejs/node.exe" "C:\Program Files\nodejs/node_mo ...
+ ~~~~~~~~~~~~~~~~~~~~~~~~~~~~~~~~~~~~~~~~~~~~~~~~~~~~~~~~~~~~~~~~~~~~~
    + CategoryInfo          : NotSpecified: (Loaded Prisma c...isma.config.t 
   s.:String) [], RemoteException
    + FullyQualifiedErrorId : NativeCommandError
 

Prisma schema loaded from prisma\schema.prisma.

Ô£ö Generated Prisma Client (7.4.2) to .\generated\prisma in 55ms

Ôû▓ Next.js 16.1.6 (Turbopack)
- Environments: .env.local, .env

  Creating an optimized production build ...
Ô£ô Compiled successfully in 3.1s
  Running TypeScript ...
Failed to compile.

.next/dev/types/validator.ts:198:31
Type error: Type 'typeof import("C:/Users/Fr\u00E9d\u00E9ric/.gemini/antigrav
ity/scratch/digital-twin-profile/app/api/opportunities/[id]/route")' does 
not satisfy the constraint 'RouteHandlerConfig<"/api/opportunities/[id]">'.
  Types of property 'GET' are incompatible.
    Type '(req: NextRequest, { params }: { params: { id: string; }; }) => 
Promise<NextResponse<{ success: boolean; opportunity: { sourceProfile: { 
name: string | null; id: string; email: string; avatarUrl: string | null; 
... 11 more ...; updatedAt: Date; }; targetProfile: { ...; }; } & { ...; }; 
}> | NextResponse<...> | undef...' is not assignable to type '(request: 
NextRequest, context: { params: Promise<{ id: string; }>; }) => void | 
Response | Promise<void | Response>'.
      Types of parameters '__1' and 'context' are incompatible.
        Type '{ params: Promise<{ id: string; }>; }' is not assignable to 
type '{ params: { id: string; }; }'.
          Types of property 'params' are incompatible.
            Property 'id' is missing in type 'Promise<{ id: string; }>' but 
required in type '{ id: string; }'.

[0m [90m 196 |[39m   type __IsExpected[33m<[39m[33mSpecific[39m 
[36mextends[39m [33mRouteHandlerConfig[39m[33m<[39m[32m"/api/opportuni
ties/[id]"[39m[33m>>[39m [33m=[39m [33mSpecific[39m
 [90m 197 |[39m   [36mconst[39m handler [33m=[39m {} [36mas[39m 
[36mtypeof[39m 
[36mimport[39m([32m"../../../app/api/opportunities/[id]/route.js"[39m)
[31m[1m>[22m[39m[90m 198 |[39m   type __Check [33m=[39m 
__IsExpected[33m<[39m[36mtypeof[39m handler[33m>[39m
 [90m     |[39m                               [31m[1m^[22m[39m
 [90m 199 |[39m   [90m// @ts-ignore[39m
 [90m 200 |[39m   type __Unused [33m=[39m __Check
 [90m 201 |[39m }[0m
Next.js build worker exited with code: 1 and signal: null
