app/actions/auto-ingest-profile.ts(68,17): error TS2353: Object literal may only specify known properties, and 'industry' does not exist in type '(Without<ProfileUpdateInput, ProfileUncheckedUpdateInput> & ProfileUncheckedUpdateInput) | (Without<...> & ProfileUpdateInput)'.
app/actions/generate-audit.ts(29,66): error TS2353: Object literal may only specify known properties, and 'dateOfBirth' does not exist in type 'ProfileSelect<DefaultArgs>'.
app/actions/generate-audit.ts(39,66): error TS2353: Object literal may only specify known properties, and 'dateOfBirth' does not exist in type 'ProfileSelect<DefaultArgs>'.
app/actions/generate-audit.ts(46,101): error TS2353: Object literal may only specify known properties, and 'dateOfBirth' does not exist in type 'ProfileSelect<DefaultArgs>'.
app/actions/generate-audit.ts(116,30): error TS2339: Property 'dateOfBirth' does not exist on type '{ name: string | null; id: string; email: string; avatarUrl: string | null; profession: string | null; thematicProfile: JsonValue; unifiedAnalysis: string | null; createdAt: Date; updatedAt: Date; } | { ...; }'.
  Property 'dateOfBirth' does not exist on type '{ name: string | null; id: string; email: string; avatarUrl: string | null; profession: string | null; thematicProfile: JsonValue; unifiedAnalysis: string | null; createdAt: Date; updatedAt: Date; }'.
app/actions/generate-audit.ts(116,70): error TS2339: Property 'gender' does not exist on type '{ name: string | null; id: string; email: string; avatarUrl: string | null; profession: string | null; thematicProfile: JsonValue; unifiedAnalysis: string | null; createdAt: Date; updatedAt: Date; } | { ...; }'.
  Property 'gender' does not exist on type '{ name: string | null; id: string; email: string; avatarUrl: string | null; profession: string | null; thematicProfile: JsonValue; unifiedAnalysis: string | null; createdAt: Date; updatedAt: Date; }'.
app/actions/generate-opener.ts(14,37): error TS2353: Object literal may only specify known properties, and 'industry' does not exist in type 'ProfileSelect<DefaultArgs>'.
app/actions/generate-opener.ts(19,37): error TS2353: Object literal may only specify known properties, and 'industry' does not exist in type 'ProfileSelect<DefaultArgs>'.
app/actions/generate-opener.ts(29,64): error TS2339: Property 'industry' does not exist on type '{ name: string | null; id: string; email: string; avatarUrl: string | null; profession: string | null; thematicProfile: JsonValue; unifiedAnalysis: string | null; createdAt: Date; updatedAt: Date; }'.
app/actions/generate-opener.ts(30,63): error TS2339: Property 'industry' does not exist on type '{ name: string | null; id: string; email: string; avatarUrl: string | null; profession: string | null; thematicProfile: JsonValue; unifiedAnalysis: string | null; createdAt: Date; updatedAt: Date; }'.
app/actions/missions.ts(8,28): error TS2339: Property 'stats' does not exist on type '{ name: string | null; id: string; email: string; avatarUrl: string | null; profession: string | null; thematicProfile: JsonValue; unifiedAnalysis: string | null; createdAt: Date; updatedAt: Date; }'.
app/actions/missions.ts(28,21): error TS2353: Object literal may only specify known properties, and 'stats' does not exist in type '(Without<ProfileUpdateInput, ProfileUncheckedUpdateInput> & ProfileUncheckedUpdateInput) | (Without<...> & ProfileUpdateInput)'.
app/actions/profile.ts(10,17): error TS2353: Object literal may only specify known properties, and 'age' does not exist in type '(Without<ProfileUpdateInput, ProfileUncheckedUpdateInput> & ProfileUncheckedUpdateInput) | (Without<...> & ProfileUpdateInput)'.
app/actions/sync-to-cortex.ts(38,23): error TS2353: Object literal may only specify known properties, and 'stats' does not exist in type 'ProfileSelect<DefaultArgs>'.
app/api/agent/get/route.ts(16,17): error TS2353: Object literal may only specify known properties, and 'bio' does not exist in type 'ProfileSelect<DefaultArgs>'.
app/api/agent/reflect/route.ts(14,17): error TS2353: Object literal may only specify known properties, and 'dateOfBirth' does not exist in type 'ProfileSelect<DefaultArgs>'.
app/api/agent/reflect/route.ts(30,36): error TS2339: Property 'city' does not exist on type '{ name: string | null; id: string; email: string; avatarUrl: string | null; profession: string | null; thematicProfile: JsonValue; unifiedAnalysis: string | null; createdAt: Date; updatedAt: Date; }'.
app/api/agent/reflect/route.ts(30,67): error TS2339: Property 'country' does not exist on type '{ name: string | null; id: string; email: string; avatarUrl: string | null; profession: string | null; thematicProfile: JsonValue; unifiedAnalysis: string | null; createdAt: Date; updatedAt: Date; }'.
app/api/agent/reflect/route.ts(31,33): error TS2339: Property 'dateOfBirth' does not exist on type '{ name: string | null; id: string; email: string; avatarUrl: string | null; profession: string | null; thematicProfile: JsonValue; unifiedAnalysis: string | null; createdAt: Date; updatedAt: Date; }'.
app/api/agent/reflect/route.ts(32,29): error TS2339: Property 'gender' does not exist on type '{ name: string | null; id: string; email: string; avatarUrl: string | null; profession: string | null; thematicProfile: JsonValue; unifiedAnalysis: string | null; createdAt: Date; updatedAt: Date; }'.
app/api/agent/update/route.ts(14,17): error TS2353: Object literal may only specify known properties, and 'country' does not exist in type '(Without<ProfileUpdateInput, ProfileUncheckedUpdateInput> & ProfileUncheckedUpdateInput) | (Without<...> & ProfileUpdateInput)'.
app/api/cron/radar-furtif/route.ts(24,22): error TS2353: Object literal may only specify known properties, and 'objectives' does not exist in type 'ProfileWhereInput'.
app/api/cron/radar-furtif/route.ts(25,51): error TS2353: Object literal may only specify known properties, and 'objectives' does not exist in type 'ProfileSelect<DefaultArgs>'.
app/api/cron/radar-furtif/route.ts(30,44): error TS2339: Property 'objectives' does not exist on type '{ name: string | null; id: string; email: string; avatarUrl: string | null; profession: string | null; thematicProfile: JsonValue; unifiedAnalysis: string | null; createdAt: Date; updatedAt: Date; }'.
app/api/cron/radar-furtif/route.ts(32,87): error TS2339: Property 'objectives' does not exist on type '{ name: string | null; id: string; email: string; avatarUrl: string | null; profession: string | null; thematicProfile: JsonValue; unifiedAnalysis: string | null; createdAt: Date; updatedAt: Date; }'.
app/api/cron/radar-furtif/route.ts(55,52): error TS2339: Property 'notification' does not exist on type 'PrismaClient<PrismaClientOptions, never, DefaultArgs>'.
app/api/cron/radar-furtif/route.ts(60,34): error TS2339: Property 'notification' does not exist on type 'PrismaClient<PrismaClientOptions, never, DefaultArgs>'.
app/api/cron/radar-worker/route.ts(22,43): error TS2339: Property 'radar' does not exist on type 'PrismaClient<PrismaClientOptions, never, DefaultArgs>'.
app/api/cron/radar-worker/route.ts(33,49): error TS7006: Parameter 'radar' implicitly has an 'any' type.
app/api/cron/radar-worker/route.ts(53,55): error TS7006: Parameter 'radar' implicitly has an 'any' type.
app/api/cron/radar-worker/route.ts(144,37): error TS2353: Object literal may only specify known properties, and 'title' does not exist in type '(Without<RadarResultCreateInput, RadarResultUncheckedCreateInput> & RadarResultUncheckedCreateInput) | (Without<...> & RadarResultCreateInput)'.
app/api/cron/radar-worker/route.ts(164,34): error TS2339: Property 'radar' does not exist on type 'PrismaClient<PrismaClientOptions, never, DefaultArgs>'.
app/api/dashboard/route.ts(17,22): error TS2353: Object literal may only specify known properties, and 'radar' does not exist in type 'RadarResultWhereInput'.
app/api/dashboard/route.ts(22,22): error TS2353: Object literal may only specify known properties, and 'radar' does not exist in type 'RadarResultWhereInput'.
app/api/opportunities/route.ts(12,35): error TS2339: Property 'opportunity' does not exist on type 'PrismaClient<PrismaClientOptions, never, DefaultArgs>'.
app/api/opportunities/route.ts(34,22): error TS2339: Property 'opportunity' does not exist on type 'PrismaClient<PrismaClientOptions, never, DefaultArgs>'.
app/api/profile/[id]/route.ts(19,17): error TS2353: Object literal may only specify known properties, and 'saltBase64' does not exist in type 'ProfileSelect<DefaultArgs>'.
app/api/profile/push-token/route.ts(18,21): error TS2353: Object literal may only specify known properties, and 'pushToken' does not exist in type '(Without<ProfileUpdateInput, ProfileUncheckedUpdateInput> & ProfileUncheckedUpdateInput) | (Without<...> & ProfileUpdateInput)'.
app/api/profile/route.ts(29,17): error TS2353: Object literal may only specify known properties, and 'city' does not exist in type '(Without<ProfileUpdateInput, ProfileUncheckedUpdateInput> & ProfileUncheckedUpdateInput) | (Without<...> & ProfileUpdateInput)'.
app/api/radar/results/route.ts(14,13): error TS2353: Object literal may only specify known properties, and 'radar' does not exist in type 'RadarResultWhereInput'.
app/api/scout/route.ts(118,39): error TS2339: Property 'opportunity' does not exist on type 'PrismaClient<PrismaClientOptions, never, DefaultArgs>'.
app/api/shadow-feed/route.ts(26,43): error TS2339: Property 'shadowInteraction' does not exist on type 'PrismaClient<PrismaClientOptions, never, DefaultArgs>'.
app/api/shadow-feed/route.ts(75,42): error TS2339: Property 'shadowInteraction' does not exist on type 'PrismaClient<PrismaClientOptions, never, DefaultArgs>'.
app/api/sources/route.ts(24,38): error TS2339: Property 'dataSource' does not exist on type 'PrismaClient<PrismaClientOptions, never, DefaultArgs>'.
app/api/sources/route.ts(70,35): error TS2339: Property 'dataSource' does not exist on type 'PrismaClient<PrismaClientOptions, never, DefaultArgs>'.
app/api/sources/route.ts(81,35): error TS2339: Property 'dataSource' does not exist on type 'PrismaClient<PrismaClientOptions, never, DefaultArgs>'.
app/api/sources/route.ts(89,35): error TS2339: Property 'dataSource' does not exist on type 'PrismaClient<PrismaClientOptions, never, DefaultArgs>'.
app/api/sources/route.ts(104,30): error TS2339: Property 'dataSource' does not exist on type 'PrismaClient<PrismaClientOptions, never, DefaultArgs>'.
lib/profile/profile-manager.ts(48,17): error TS2353: Object literal may only specify known properties, and 'saltBase64' does not exist in type '(Without<ProfileCreateInput, ProfileUncheckedCreateInput> & ProfileUncheckedCreateInput) | (Without<...> & ProfileCreateInput)'.
lib/profile/profile-manager.ts(56,22): error TS2339: Property 'recoveryPhrase' does not exist on type 'PrismaClient<PrismaClientOptions, never, DefaultArgs>'.
lib/profile/profile-manager.ts(86,22): error TS2339: Property 'saltBase64' does not exist on type '{ name: string | null; id: string; email: string; avatarUrl: string | null; profession: string | null; thematicProfile: JsonValue; unifiedAnalysis: string | null; createdAt: Date; updatedAt: Date; }'.
lib/profile/profile-manager.ts(86,45): error TS2339: Property 'passwordHash' does not exist on type '{ name: string | null; id: string; email: string; avatarUrl: string | null; profession: string | null; thematicProfile: JsonValue; unifiedAnalysis: string | null; createdAt: Date; updatedAt: Date; }'.
lib/profile/profile-manager.ts(91,44): error TS2339: Property 'saltBase64' does not exist on type '{ name: string | null; id: string; email: string; avatarUrl: string | null; profession: string | null; thematicProfile: JsonValue; unifiedAnalysis: string | null; createdAt: Date; updatedAt: Date; }'.
lib/profile/profile-manager.ts(94,59): error TS2339: Property 'passwordHash' does not exist on type '{ name: string | null; id: string; email: string; avatarUrl: string | null; profession: string | null; thematicProfile: JsonValue; unifiedAnalysis: string | null; createdAt: Date; updatedAt: Date; }'.
lib/profile/profile-manager.ts(104,21): error TS2353: Object literal may only specify known properties, and 'lastAccessedAt' does not exist in type '(Without<ProfileUpdateInput, ProfileUncheckedUpdateInput> & ProfileUncheckedUpdateInput) | (Without<...> & ProfileUpdateInput)'.
lib/profile/profile-manager.ts(121,17): error TS2353: Object literal may only specify known properties, and 'vectorNamespace' does not exist in type 'ProfileSelect<DefaultArgs>'.
lib/profile/profile-manager.ts(124,17): error TS2353: Object literal may only specify known properties, and 'lastAccessedAt' does not exist in type 'ProfileOrderByWithRelationInput | ProfileOrderByWithRelationInput[]'.
lib/profile/profile-manager.ts(128,9): error TS2322: Type '{ name: string | null; id: string; email: string; avatarUrl: string | null; profession: string | null; thematicProfile: JsonValue; unifiedAnalysis: string | null; createdAt: Date; updatedAt: Date; }[]' is not assignable to type 'DigitalTwinProfile[]'.
  Property 'vectorNamespace' is missing in type '{ name: string | null; id: string; email: string; avatarUrl: string | null; profession: string | null; thematicProfile: JsonValue; unifiedAnalysis: string | null; createdAt: Date; updatedAt: Date; }' but required in type 'DigitalTwinProfile'.
lib/profile/profile-manager.ts(161,22): error TS2339: Property 'recoveryPhrase' does not exist on type 'PrismaClient<PrismaClientOptions, never, DefaultArgs>'.
repare-radar.ts(17,18): error TS2339: Property 'radar' does not exist on type 'PrismaClient<PrismaClientOptions, never, DefaultArgs>'.
repare-radar.ts(20,32): error TS2339: Property 'radar' does not exist on type 'PrismaClient<PrismaClientOptions, never, DefaultArgs>'.
temp_upload_helper.tsx(4,10): error TS2304: Cannot find name 'profileId'.
temp_upload_helper.tsx(6,5): error TS2304: Cannot find name 'addLog'.
temp_upload_helper.tsx(7,5): error TS2304: Cannot find name 'playSFX'.
temp_upload_helper.tsx(7,13): error TS2304: Cannot find name 'SFX'.
temp_upload_helper.tsx(11,34): error TS2304: Cannot find name 'profileId'.
temp_upload_helper.tsx(17,13): error TS2304: Cannot find name 'addLog'.
temp_upload_helper.tsx(18,13): error TS2304: Cannot find name 'playSFX'.
temp_upload_helper.tsx(18,21): error TS2304: Cannot find name 'SFX'.
temp_upload_helper.tsx(19,13): error TS2304: Cannot find name 'loadMemories'.
temp_upload_helper.tsx(19,26): error TS2304: Cannot find name 'profileId'.
temp_upload_helper.tsx(21,13): error TS2304: Cannot find name 'addLog'.
temp_upload_helper.tsx(22,13): error TS2304: Cannot find name 'playSFX'.
temp_upload_helper.tsx(22,21): error TS2304: Cannot find name 'SFX'.
temp_upload_helper.tsx(24,21): error TS2304: Cannot find name 'addLog'.
