.next/types/validator.ts(152,39): error TS2307: Cannot find module '../../app/profile/work/page.js' or its corresponding type declarations.
app/api/auto-ingest/route.ts(43,21): error TS2353: Object literal may only specify known properties, and 'profession' does not exist in type '(Without<ProfileUpdateInput, ProfileUncheckedUpdateInput> & ProfileUncheckedUpdateInput) | (Without<...> & ProfileUpdateInput)'.
