app/components/auth/Gatekeeper.tsx(5,30): error TS2307: Cannot find module '@/lib/supabaseBrowser' or its corresponding type declarations.
app/components/auth/Gatekeeper.tsx(6,40): error TS2307: Cannot find module '@/lib/vault-manager' or its corresponding type declarations.
app/components/auth/Gatekeeper.tsx(7,29): error TS2307: Cannot find module '@/store/keyStore' or its corresponding type declarations.
app/components/auth/Gatekeeper.tsx(11,27): error TS2307: Cannot find module '@/lib/api' or its corresponding type declarations.
app/profile/new/page.tsx(11,27): error TS2307: Cannot find module '@/lib/api' or its corresponding type declarations.
app/profile/new/page.tsx(13,40): error TS2307: Cannot find module '@/lib/vault-manager' or its corresponding type declarations.
app/profile/new/page.tsx(20,8): error TS2307: Cannot find module '@/lib/crypto/zk-encryption' or its corresponding type declarations.
app/profile/new/page.tsx(93,44): error TS1323: Dynamic imports are only supported when the '--module' flag is set to 'es2020', 'es2022', 'esnext', 'commonjs', 'amd', 'system', 'umd', 'node16', 'node18', 'node20', or 'nodenext'.
app/profile/new/page.tsx(93,51): error TS2307: Cannot find module '@/lib/supabaseBrowser' or its corresponding type declarations.
